2026-05-31 11:51:29 | INFO     | WSKUSERBOT | Starting WordSeek Bot...
2026-05-31 11:51:29 | INFO     | WSKUSERBOT | Preloading solver word cache...
2026-05-31 11:51:29 | INFO     | WSKUSERBOT | Cached 11195 words for 4-letter mode
2026-05-31 11:51:29 | INFO     | WSKUSERBOT | Cached 23829 words for 5-letter mode
2026-05-31 11:51:29 | INFO     | WSKUSERBOT | Cached 39558 words for 6-letter mode
2026-05-31 11:51:34 | INFO     | WSKUSERBOT | Bot started as @WRRERRRRRRRBOT
2026-05-31 11:51:39 | INFO     | WSKUSERBOT | Bot stopped.
2026-05-31 11:51:55 | INFO     | WSKUSERBOT | Starting WordSeek Bot...
2026-05-31 11:51:55 | INFO     | WSKUSERBOT | Preloading solver word cache...
2026-05-31 11:51:55 | INFO     | WSKUSERBOT | Cached 11195 words for 4-letter mode
2026-05-31 11:51:55 | INFO     | WSKUSERBOT | Cached 23829 words for 5-letter mode
2026-05-31 11:51:55 | INFO     | WSKUSERBOT | Cached 39558 words for 6-letter mode
2026-05-31 11:51:55 | INFO     | WSKUSERBOT | Bot started as @WRRERRRRRRRBOT
2026-05-31 11:52:05 | INFO     | WSKUSERBOT | Bot stopped.
2026-05-31 11:52:31 | INFO     | WSKUSERBOT | Starting WordSeek Bot...
2026-05-31 11:52:31 | INFO     | WSKUSERBOT | Preloading solver word cache...
2026-05-31 11:52:31 | INFO     | WSKUSERBOT | Cached 11195 words for 4-letter mode
2026-05-31 11:52:31 | INFO     | WSKUSERBOT | Cached 23829 words for 5-letter mode
2026-05-31 11:52:31 | INFO     | WSKUSERBOT | Cached 39558 words for 6-letter mode
2026-05-31 11:52:32 | INFO     | WSKUSERBOT | Bot started as @WRRERRRRRRRBOT
2026-05-31 11:53:16 | INFO     | WSKUSERBOT | Starting WordSeek Bot...
2026-05-31 11:53:16 | INFO     | WSKUSERBOT | Preloading solver word cache...
2026-05-31 11:53:16 | INFO     | WSKUSERBOT | Cached 11195 words for 4-letter mode
2026-05-31 11:53:16 | INFO     | WSKUSERBOT | Cached 23829 words for 5-letter mode
2026-05-31 11:53:16 | INFO     | WSKUSERBOT | Cached 39558 words for 6-letter mode
2026-05-31 11:53:17 | INFO     | WSKUSERBOT | Bot started as @WRRERRRRRRRBOT
2026-05-31 11:54:07 | INFO     | WSKUSERBOT | Starting WordSeek Bot...
2026-05-31 11:54:07 | INFO     | WSKUSERBOT | Preloading solver word cache...
2026-05-31 11:54:07 | INFO     | WSKUSERBOT | Cached 11195 words for 4-letter mode
2026-05-31 11:54:07 | INFO     | WSKUSERBOT | Cached 23829 words for 5-letter mode
2026-05-31 11:54:07 | INFO     | WSKUSERBOT | Cached 39558 words for 6-letter mode
2026-05-31 11:54:07 | INFO     | WSKUSERBOT | Bot started as @WRRERRRRRRRBOT
2026-05-31 11:54:35 | INFO     | WSKUSERBOT | Starting WordSeek Bot...
2026-05-31 11:54:35 | INFO     | WSKUSERBOT | Preloading solver word cache...
2026-05-31 11:54:35 | INFO     | WSKUSERBOT | Cached 11195 words for 4-letter mode
2026-05-31 11:54:35 | INFO     | WSKUSERBOT | Cached 23829 words for 5-letter mode
2026-05-31 11:54:35 | INFO     | WSKUSERBOT | Cached 39558 words for 6-letter mode
2026-05-31 11:54:35 | INFO     | WSKUSERBOT | Bot started as @WRRERRRRRRRBOT
2026-05-31 12:03:36 | INFO     | WSKUSERBOT | Starting WordSeek Bot...
2026-05-31 12:03:36 | INFO     | WSKUSERBOT | Preloading solver word cache...
2026-05-31 12:03:36 | INFO     | WSKUSERBOT | Cached 11195 words for 4-letter mode
2026-05-31 12:03:36 | INFO     | WSKUSERBOT | Cached 23829 words for 5-letter mode
2026-05-31 12:03:36 | INFO     | WSKUSERBOT | Cached 39558 words for 6-letter mode
2026-05-31 12:03:36 | INFO     | WSKUSERBOT | Bot started as @WRRERRRRRRRBOT
2026-05-31 12:04:30 | INFO     | WSKUSERBOT | Starting WordSeek Bot...
2026-05-31 12:04:30 | INFO     | WSKUSERBOT | Preloading solver word cache...
2026-05-31 12:04:30 | INFO     | WSKUSERBOT | Cached 11195 words for 4-letter mode
2026-05-31 12:04:30 | INFO     | WSKUSERBOT | Cached 23829 words for 5-letter mode
2026-05-31 12:04:30 | INFO     | WSKUSERBOT | Cached 39558 words for 6-letter mode
2026-05-31 12:04:31 | INFO     | WSKUSERBOT | Bot started as @WRRERRRRRRRBOT
2026-05-31 12:05:11 | INFO     | WSKUSERBOT | Starting WordSeek Bot...
2026-05-31 12:05:11 | INFO     | WSKUSERBOT | Preloading solver word cache...
2026-05-31 12:05:11 | INFO     | WSKUSERBOT | Cached 11195 words for 4-letter mode
2026-05-31 12:05:11 | INFO     | WSKUSERBOT | Cached 23829 words for 5-letter mode
2026-05-31 12:05:11 | INFO     | WSKUSERBOT | Cached 39558 words for 6-letter mode
2026-05-31 12:05:11 | INFO     | WSKUSERBOT | Bot started as @WRRERRRRRRRBOT
2026-05-31 12:05:40 | INFO     | WSKUSERBOT | Starting WordSeek Bot...
2026-05-31 12:05:40 | INFO     | WSKUSERBOT | Preloading solver word cache...
2026-05-31 12:05:40 | INFO     | WSKUSERBOT | Cached 11195 words for 4-letter mode
2026-05-31 12:05:40 | INFO     | WSKUSERBOT | Cached 23829 words for 5-letter mode
2026-05-31 12:05:40 | INFO     | WSKUSERBOT | Cached 39558 words for 6-letter mode
2026-05-31 12:05:40 | INFO     | WSKUSERBOT | Bot started as @WRRERRRRRRRBOT
2026-05-31 12:06:12 | INFO     | WSKUSERBOT | Starting WordSeek Bot...
2026-05-31 12:06:12 | INFO     | WSKUSERBOT | Preloading solver word cache...
2026-05-31 12:06:12 | INFO     | WSKUSERBOT | Cached 11195 words for 4-letter mode
2026-05-31 12:06:12 | INFO     | WSKUSERBOT | Cached 23829 words for 5-letter mode
2026-05-31 12:06:12 | INFO     | WSKUSERBOT | Cached 39558 words for 6-letter mode
2026-05-31 12:06:12 | INFO     | WSKUSERBOT | Bot started as @WRRERRRRRRRBOT
2026-05-31 12:07:03 | INFO     | WSKUSERBOT | Starting WordSeek Bot...
2026-05-31 12:07:03 | INFO     | WSKUSERBOT | Preloading solver word cache...
2026-05-31 12:07:03 | INFO     | WSKUSERBOT | Cached 11195 words for 4-letter mode
2026-05-31 12:07:03 | INFO     | WSKUSERBOT | Cached 23829 words for 5-letter mode
2026-05-31 12:07:03 | INFO     | WSKUSERBOT | Cached 39558 words for 6-letter mode
2026-05-31 12:07:03 | INFO     | WSKUSERBOT | Bot started as @WRRERRRRRRRBOT
2026-05-31 12:13:07 | INFO     | WSKUSERBOT | Starting WordSeek Bot...
2026-05-31 12:13:07 | INFO     | WSKUSERBOT | Preloading solver word cache...
2026-05-31 12:13:07 | INFO     | WSKUSERBOT | Cached 11195 words for 4-letter mode
2026-05-31 12:13:07 | INFO     | WSKUSERBOT | Cached 23829 words for 5-letter mode
2026-05-31 12:13:07 | INFO     | WSKUSERBOT | Cached 39558 words for 6-letter mode
2026-05-31 12:13:07 | INFO     | WSKUSERBOT | Bot started as @WRRERRRRRRRBOT
2026-05-31 12:13:07 | INFO     | WSKUSERBOT | Starting user clients...
2026-05-31 12:13:08 | INFO     | WSKUSERBOT | Started user client for 8511219149
2026-05-31 12:13:08 | INFO     | WSKUSERBOT | Started 1/1 user clients
2026-05-31 12:16:52 | INFO     | WSKUSERBOT | Starting WordSeek Bot...
2026-05-31 12:16:52 | INFO     | WSKUSERBOT | Preloading solver word cache...
2026-05-31 12:16:52 | INFO     | WSKUSERBOT | Cached 11195 words for 4-letter mode
2026-05-31 12:16:52 | INFO     | WSKUSERBOT | Cached 23829 words for 5-letter mode
2026-05-31 12:16:52 | INFO     | WSKUSERBOT | Cached 39558 words for 6-letter mode
2026-05-31 12:16:53 | INFO     | WSKUSERBOT | Bot started as @WRRERRRRRRRBOT
2026-05-31 12:16:53 | INFO     | WSKUSERBOT | Starting user clients...
2026-05-31 12:16:54 | INFO     | WSKUSERBOT | Started user client for 8511219149
2026-05-31 12:16:54 | INFO     | WSKUSERBOT | Started 1/1 user clients
2026-05-31 12:17:34 | INFO     | WSKUSERBOT | Starting WordSeek Bot...
2026-05-31 12:17:34 | INFO     | WSKUSERBOT | Preloading solver word cache...
2026-05-31 12:17:34 | INFO     | WSKUSERBOT | Cached 11195 words for 4-letter mode
2026-05-31 12:17:34 | INFO     | WSKUSERBOT | Cached 23829 words for 5-letter mode
2026-05-31 12:17:34 | INFO     | WSKUSERBOT | Cached 39558 words for 6-letter mode
2026-05-31 12:17:34 | INFO     | WSKUSERBOT | Bot started as @WRRERRRRRRRBOT
2026-05-31 12:17:34 | INFO     | WSKUSERBOT | Starting user clients...
2026-05-31 12:17:35 | INFO     | WSKUSERBOT | Started user client for 8511219149
2026-05-31 12:17:35 | INFO     | WSKUSERBOT | Started 1/1 user clients
2026-05-31 12:19:41 | INFO     | WSKUSERBOT | Starting WordSeek Bot...
2026-05-31 12:19:41 | INFO     | WSKUSERBOT | Preloading solver word cache...
2026-05-31 12:19:41 | INFO     | WSKUSERBOT | Cached 11195 words for 4-letter mode
2026-05-31 12:19:41 | INFO     | WSKUSERBOT | Cached 23829 words for 5-letter mode
2026-05-31 12:19:41 | INFO     | WSKUSERBOT | Cached 39558 words for 6-letter mode
2026-05-31 12:19:41 | INFO     | WSKUSERBOT | Bot started as @WRRERRRRRRRBOT
2026-05-31 12:19:41 | INFO     | WSKUSERBOT | Starting user clients...
2026-05-31 12:19:42 | INFO     | WSKUSERBOT | Started user client for 8511219149
2026-05-31 12:19:42 | INFO     | WSKUSERBOT | Started 1/1 user clients
2026-05-31 12:23:43 | INFO     | WSKUSERBOT | Starting WordSeek Bot...
2026-05-31 12:23:43 | INFO     | WSKUSERBOT | Preloading solver word cache...
2026-05-31 12:23:43 | INFO     | WSKUSERBOT | Cached 11195 words for 4-letter mode
2026-05-31 12:23:43 | INFO     | WSKUSERBOT | Cached 23829 words for 5-letter mode
2026-05-31 12:23:43 | INFO     | WSKUSERBOT | Cached 39558 words for 6-letter mode
2026-05-31 12:23:43 | INFO     | WSKUSERBOT | Bot started as @WRRERRRRRRRBOT
2026-05-31 12:23:43 | INFO     | WSKUSERBOT | Starting user clients...
2026-05-31 12:23:44 | INFO     | WSKUSERBOT | Started user client for 8511219149
2026-05-31 12:23:44 | INFO     | WSKUSERBOT | Started 1/1 user clients
2026-05-31 12:24:59 | INFO     | WSKUSERBOT | Starting WordSeek Bot...
2026-05-31 12:24:59 | INFO     | WSKUSERBOT | Preloading solver word cache...
2026-05-31 12:24:59 | INFO     | WSKUSERBOT | Cached 11195 words for 4-letter mode
2026-05-31 12:24:59 | INFO     | WSKUSERBOT | Cached 23829 words for 5-letter mode
2026-05-31 12:24:59 | INFO     | WSKUSERBOT | Cached 39558 words for 6-letter mode
2026-05-31 12:24:59 | INFO     | WSKUSERBOT | Bot started as @WRRERRRRRRRBOT
2026-05-31 12:24:59 | INFO     | WSKUSERBOT | Starting user clients...
2026-05-31 12:25:00 | INFO     | WSKUSERBOT | Started user client for 8511219149
2026-05-31 12:25:00 | INFO     | WSKUSERBOT | Started 1/1 user clients
